[?7h[255D[40m
[0;1m[10Cллллллллл    оллллллллллллллллллл[15Cллллллллллллллллллн
[9Cллллллллллл   оллллллллллллллллллл[15Cллллллллллллллллллн
[8Cолллллллллллл  оллллллллллллллллллл[15Cллллллллллллллллллн
[8Cлллллллллллллл[8Cллллллл[6Cмммлллллллмм[9Cллллллн
[7Cллллллл  ллллллл[7Cллллллл[5Cллллллл  ллллл[8Cллллллн
[6Cллллллл   ллллллл[7Cллллллл[5Cлллллм[5Cллл[8Cллллллн
[5Cллллллл[5Cллллллл[6Cллллллл[6Cллллллллм    оллл    ллллллн
    ллллллллллллллллллллл[5Cллллллл[5Cлллллллллллм   ллл    ллллллн
   ллллллллллллллллллллллл    ллллллл    ллллллл плллллмлллл    ллллллн
  ллллллллллллллллллллллллл   ллллллл[5Cллллллн   пллллллп    ллллллн
 лллллллл[11Cлллллллл  ллллллл[6Cлллллллллмллллллллн  ллллллн
оллллллл[13Cллллллл  ллллллл[10Cоллллллл  плллн  ллллллн

[10Cпппппп    ппппп[10Cппппп  пппппп    пппп[5Cпппп
[10Cпп   пп  пп   пп[8Cпп[10Cппп  п  ппп   п  ппп
[10Cпппппп  ппп[13Cпппппп   пппп   пп пп пп пп пп пп
[10Cпп[7Cпп   пп[8Cпп   пп[5Cппп  ппп  п   ппп  п
[10Cпп[8Cппппп[10Cппппп  пппппп    пппп[5Cпппп

[10CЩ  CPU: INTEL 8086A @ 8MHz[30CЛ
[10CК  RAM: 640Kb (256Kb Mainboard + 384Kb Expansion Card)  К
[10CШ  ROM: BIOS 1.43 (4/1986)[30CМ[0m[255D